// Jest Snapshot v1, https://goo.gl/fbAQLP

exports[`CLI-Module Export(s) 1`] = `
Object {
  "Handler": [Function],
  "columns": [Function],
  "hide": [Function],
  "rows": [Function],
  "show": [Function],
  "tty": [Function],
}
`;
