// Jest Snapshot v1, https://goo.gl/fbAQLP

exports[`Copy-Module Export(s) 1`] = `[Function]`;
