// Jest Snapshot v1, https://goo.gl/fbAQLP

exports[`Directory-Reader-Module Export(s) 1`] = `
Object {
  "scan": [Function],
}
`;
