// Jest Snapshot v1, https://goo.gl/fbAQLP

exports[`Statistics-Module Export(s) 1`] = `[Function]`;
